{
  "en": {
    "a": 1,
    "b": {
      "d": 4
    }
  }
}
