{
  "en": {
    "bunny rabbit adventure": "bunny rabbit adventure",
    "hello sunshine!": "hello sunshine!",
    "time for bed!": "time for bed!"
  },
  "es": {
    "bunny rabbit adventure": "conejito conejo aventura",
    "bye": "adios",
    "hello sunshine!": "hello sunshine!",
    "time for bed!": "hora de acostarse!"
  },
  "pt": {
    "bunny rabbit adventure": "a aventura da coelhinha",
    "bye": "tchau",
    "hello sunshine!": "hello sunshine!",
    "time for bed!": "hora de dormir!"
  }
}
