{
  "en": {
    "bunny rabbit adventure": "bunny rabbit adventure",
    "hello sunshine!": "hello sunshine!",
    "time for bed!": "time for bed!"
  }
}
